// Jest Snapshot v1, https://goo.gl/fbAQLP

exports[`report sighting screen tests renders correctly 1`] = `
<View
  style={
    {
      "backgroundColor": "#2D6A7F",
      "flex": 1,
    }
  }
>
  <View
    onLayout={[Function]}
    style={
      [
        {
          "backgroundColor": "#2D6A7F",
          "flex": 1,
        },
        {
          "paddingBottom": 0,
        },
      ]
    }
  >
    <RNCSafeAreaView
      edges={
        {
          "bottom": "off",
          "left": "off",
          "right": "off",
          "top": "additive",
        }
      }
      style={
        {
          "alignItems": "center",
          "backgroundColor": "#2D6A7F",
          "flex": 3,
          "justifyContent": "center",
        }
      }
    >
      <View
        style={
          {
            "flex": 2,
            "flexDirection": "row",
            "justifyContent": "space-evenly",
            "marginTop": 24,
            "width": "100%",
          }
        }
        testID="login&logo"
      >
        <View
          accessibilityState={
            {
              "busy": undefined,
              "checked": undefined,
              "disabled": undefined,
              "expanded": undefined,
              "selected": undefined,
            }
          }
          accessibilityValue={
            {
              "max": undefined,
              "min": undefined,
              "now": undefined,
              "text": undefined,
            }
          }
          accessible={true}
          collapsable={false}
          focusable={true}
          onClick={[Function]}
          onResponderGrant={[Function]}
          onResponderMove={[Function]}
          onResponderRelease={[Function]}
          onResponderTerminate={[Function]}
          onResponderTerminationRequest={[Function]}
          onStartShouldSetResponder={[Function]}
          style={
            {
              "alignItems": "center",
              "backgroundColor": "#83C5BE",
              "borderRadius": 16,
              "height": 25,
              "marginTop": 16,
              "opacity": 1,
              "width": 80,
            }
          }
        >
          <Text
            style={
              {
                "color": "#FFFFFF",
                "fontSize": 16,
                "fontWeight": "600",
              }
            }
          >
            Back
          </Text>
        </View>
        <View
          accessibilityState={
            {
              "busy": undefined,
              "checked": undefined,
              "disabled": undefined,
              "expanded": undefined,
              "selected": undefined,
            }
          }
          accessibilityValue={
            {
              "max": undefined,
              "min": undefined,
              "now": undefined,
              "text": undefined,
            }
          }
          accessible={true}
          collapsable={false}
          focusable={true}
          onClick={[Function]}
          onResponderGrant={[Function]}
          onResponderMove={[Function]}
          onResponderRelease={[Function]}
          onResponderTerminate={[Function]}
          onResponderTerminationRequest={[Function]}
          onStartShouldSetResponder={[Function]}
          style={
            {
              "alignItems": "center",
              "backgroundColor": "#83C5BE",
              "borderRadius": 16,
              "height": 25,
              "marginTop": 16,
              "opacity": 1,
              "width": 200,
            }
          }
        >
          <Text
            style={
              {
                "color": "#FFFFFF",
                "fontSize": 16,
                "fontWeight": "600",
              }
            }
          >
            Log in / Register
          </Text>
        </View>
        <Image
          source={
            {
              "testUri": "../../../assets/images/logo.png",
            }
          }
          style={
            {
              "borderRadius": 10,
              "height": 50,
              "width": 50,
            }
          }
          testID="logo"
        />
      </View>
      <Text
        style={
          {
            "color": "#FFFFFF",
            "fontSize": 34,
            "fontWeight": "bold",
            "marginBottom": 8,
            "marginTop": 60,
            "textAlign": "center",
          }
        }
      >
        Report a Sighting
      </Text>
      <RCTScrollView
        contentContainerStyle={
          {
            "flexGrow": 1,
          }
        }
        keyboardShouldPersistTaps="handled"
      >
        <View>
          <View
            style={
              {
                "backgroundColor": "#83C5BE",
                "borderRadius": 16,
                "justifyContent": "center",
                "margin": 24,
                "padding": 24,
              }
            }
          >
            <View
              style={{}}
            >
              <Text
                style={
                  {
                    "color": "#FFFFFF",
                    "fontSize": 16,
                    "fontWeight": "bold",
                    "marginBottom": 8,
                    "textAlign": "center",
                  }
                }
              >
                Please upload a photo of the sighting:
              </Text>
              <View
                accessibilityState={
                  {
                    "busy": undefined,
                    "checked": undefined,
                    "disabled": undefined,
                    "expanded": undefined,
                    "selected": undefined,
                  }
                }
                accessibilityValue={
                  {
                    "max": undefined,
                    "min": undefined,
                    "now": undefined,
                    "text": undefined,
                  }
                }
                accessible={true}
                collapsable={false}
                focusable={true}
                onClick={[Function]}
                onResponderGrant={[Function]}
                onResponderMove={[Function]}
                onResponderRelease={[Function]}
                onResponderTerminate={[Function]}
                onResponderTerminationRequest={[Function]}
                onStartShouldSetResponder={[Function]}
                style={
                  {
                    "alignItems": "center",
                    "backgroundColor": "#83C5BE",
                    "borderRadius": 16,
                    "marginTop": 8,
                    "opacity": 1,
                    "padding": 16,
                  }
                }
              >
                <Image
                  source={
                    {
                      "testUri": "../../../assets/images/add-pic.png",
                    }
                  }
                  style={
                    {
                      "height": 150,
                      "width": 150,
                    }
                  }
                  testID="addPic"
                />
              </View>
              <Text
                style={
                  {
                    "color": "#FFFFFF",
                    "fontSize": 16,
                    "fontWeight": "bold",
                    "marginBottom": 8,
                    "textAlign": "center",
                  }
                }
              >
                Please ensure you can clearly see the animal in your photo.
              </Text>
            </View>
            <View
              style={
                {
                  "alignItems": "stretch",
                  "width": "100%",
                }
              }
            >
              <Text
                style={
                  {
                    "color": "#FFFFFF",
                    "marginTop": 4,
                  }
                }
              >
                Where did you see them?
              </Text>
              <View
                style={
                  {
                    "alignItems": "stretch",
                    "flex": 1,
                    "flexDirection": "row",
                    "justifyContent": "space-evenly",
                  }
                }
              >
                <View
                  accessibilityState={
                    {
                      "busy": undefined,
                      "checked": undefined,
                      "disabled": undefined,
                      "expanded": undefined,
                      "selected": undefined,
                    }
                  }
                  accessibilityValue={
                    {
                      "max": undefined,
                      "min": undefined,
                      "now": undefined,
                      "text": undefined,
                    }
                  }
                  accessible={true}
                  collapsable={false}
                  focusable={true}
                  onClick={[Function]}
                  onResponderGrant={[Function]}
                  onResponderMove={[Function]}
                  onResponderRelease={[Function]}
                  onResponderTerminate={[Function]}
                  onResponderTerminationRequest={[Function]}
                  onStartShouldSetResponder={[Function]}
                  style={
                    {
                      "alignItems": "center",
                      "backgroundColor": "#2D6A7F",
                      "borderRadius": 12,
                      "justifyContent": "center",
                      "marginTop": 8,
                      "minHeight": 60,
                      "opacity": 1,
                      "padding": 12,
                      "width": "45%",
                    }
                  }
                >
                  <Text
                    style={
                      {
                        "color": "#FFFFFF",
                        "fontSize": 16,
                        "fontWeight": "600",
                      }
                    }
                  >
                    At my current location
                  </Text>
                </View>
                <View
                  accessibilityState={
                    {
                      "busy": undefined,
                      "checked": undefined,
                      "disabled": undefined,
                      "expanded": undefined,
                      "selected": undefined,
                    }
                  }
                  accessibilityValue={
                    {
                      "max": undefined,
                      "min": undefined,
                      "now": undefined,
                      "text": undefined,
                    }
                  }
                  accessible={true}
                  collapsable={false}
                  focusable={true}
                  onClick={[Function]}
                  onResponderGrant={[Function]}
                  onResponderMove={[Function]}
                  onResponderRelease={[Function]}
                  onResponderTerminate={[Function]}
                  onResponderTerminationRequest={[Function]}
                  onStartShouldSetResponder={[Function]}
                  style={
                    {
                      "alignItems": "center",
                      "backgroundColor": "#2D6A7F",
                      "borderRadius": 12,
                      "justifyContent": "center",
                      "marginTop": 8,
                      "minHeight": 60,
                      "opacity": 1,
                      "padding": 12,
                      "width": "45%",
                    }
                  }
                >
                  <Text
                    style={
                      {
                        "color": "#FFFFFF",
                        "fontSize": 16,
                        "fontWeight": "600",
                      }
                    }
                  >
                    Somewhere else (open map)
                  </Text>
                </View>
              </View>
              <Text
                style={
                  {
                    "color": "#FFFFFF",
                    "marginTop": 4,
                  }
                }
              >
                Type of Animal: 
              </Text>
              <View
                style={
                  [
                    {
                      "width": "100%",
                    },
                    {
                      "zIndex": 5000,
                    },
                    {},
                  ]
                }
              >
                <View
                  accessibilityState={
                    {
                      "busy": undefined,
                      "checked": undefined,
                      "disabled": false,
                      "expanded": undefined,
                      "selected": undefined,
                    }
                  }
                  accessibilityValue={
                    {
                      "max": undefined,
                      "min": undefined,
                      "now": undefined,
                      "text": undefined,
                    }
                  }
                  accessible={true}
                  collapsable={false}
                  focusable={true}
                  onClick={[Function]}
                  onLayout={[Function]}
                  onResponderGrant={[Function]}
                  onResponderMove={[Function]}
                  onResponderRelease={[Function]}
                  onResponderTerminate={[Function]}
                  onResponderTerminationRequest={[Function]}
                  onStartShouldSetResponder={[Function]}
                  style={
                    {
                      "alignItems": "center",
                      "backgroundColor": "#EDF6F9",
                      "borderColor": "#000",
                      "borderRadius": 16,
                      "borderWidth": 1,
                      "color": "#5E8A96",
                      "flexDirection": "row",
                      "fontSize": 16,
                      "justifyContent": "space-between",
                      "marginBottom": 16,
                      "minHeight": 50,
                      "opacity": 1,
                      "padding": 16,
                      "paddingHorizontal": 10,
                      "paddingVertical": 3,
                      "width": "100%",
                      "zIndex": 5000,
                    }
                  }
                  testID="dropdown"
                >
                  <Text
                    style={
                      [
                        {
                          "color": "#000",
                          "flex": 1,
                        },
                        {},
                        false,
                        {},
                      ]
                    }
                  >
                    Select an animal...
                  </Text>
                  <View
                    style={
                      [
                        {
                          "marginLeft": 10,
                        },
                        {},
                      ]
                    }
                  >
                    <Image
                      source={
                        {
                          "testUri": "../../react-native-dropdown-picker/src/themes/light/icons/arrow-down.png",
                        }
                      }
                      style={
                        [
                          {
                            "height": 20,
                            "width": 20,
                          },
                          {},
                        ]
                      }
                    />
                  </View>
                </View>
              </View>
              <Text
                style={
                  {
                    "color": "#FFFFFF",
                    "marginTop": 4,
                  }
                }
              >
                Color / Pattern: 
              </Text>
              <TextInput
                autoCapitalize="none"
                onChangeText={[Function]}
                placeholder="Please input color"
                placeholderTextColor="#5E8A96"
                style={
                  {
                    "backgroundColor": "#EDF6F9",
                    "borderRadius": 16,
                    "color": "#5E8A96",
                    "fontSize": 16,
                    "marginBottom": 16,
                    "padding": 16,
                  }
                }
                testID="colorInput"
              />
              <Text
                style={
                  {
                    "color": "#FFFFFF",
                    "marginTop": 4,
                  }
                }
              >
                Description: 
              </Text>
              <TextInput
                autoCapitalize="none"
                multiline={true}
                onChangeText={[Function]}
                onContentSizeChange={[Function]}
                placeholder="Time of sighting, behaviour etc."
                placeholderTextColor="#5E8A96"
                style={
                  {
                    "backgroundColor": "#EDF6F9",
                    "borderRadius": 16,
                    "color": "#1B262C",
                    "fontSize": 16,
                    "height": 0,
                    "marginBottom": 16,
                    "padding": 16,
                  }
                }
                testID="descriptionInput"
              />
              <View
                style={
                  {
                    "marginBottom": 16,
                    "marginTop": 8,
                    "width": "100%",
                  }
                }
              >
                <Text
                  style={
                    {
                      "color": "#FFFFFF",
                      "fontSize": 16,
                      "textAlign": "center",
                    }
                  }
                >
                  Please upload an image
                </Text>
              </View>
              <Text
                style={
                  {
                    "color": "#FFFFFF",
                    "marginTop": 4,
                  }
                }
              >
                Your contact info (optional):
                 
              </Text>
              <TextInput
                autoCapitalize="none"
                onChangeText={[Function]}
                placeholder="+44 1234567890"
                placeholderTextColor="#5E8A96"
                style={
                  {
                    "backgroundColor": "#EDF6F9",
                    "borderRadius": 16,
                    "color": "#5E8A96",
                    "fontSize": 16,
                    "marginBottom": 16,
                    "padding": 16,
                  }
                }
                testID="contactInput"
              />
            </View>
            <View
              accessibilityState={
                {
                  "busy": undefined,
                  "checked": undefined,
                  "disabled": false,
                  "expanded": undefined,
                  "selected": undefined,
                }
              }
              accessibilityValue={
                {
                  "max": undefined,
                  "min": undefined,
                  "now": undefined,
                  "text": undefined,
                }
              }
              accessible={true}
              collapsable={false}
              focusable={true}
              onClick={[Function]}
              onResponderGrant={[Function]}
              onResponderMove={[Function]}
              onResponderRelease={[Function]}
              onResponderTerminate={[Function]}
              onResponderTerminationRequest={[Function]}
              onStartShouldSetResponder={[Function]}
              style={
                {
                  "alignItems": "center",
                  "backgroundColor": "#2D6A7F",
                  "borderRadius": 16,
                  "marginTop": 8,
                  "opacity": 1,
                  "padding": 16,
                }
              }
              testID="submitButton"
            >
              <Text
                style={
                  {
                    "color": "#FFFFFF",
                    "fontSize": 16,
                    "fontWeight": "600",
                  }
                }
              >
                Submit
              </Text>
            </View>
          </View>
        </View>
      </RCTScrollView>
    </RNCSafeAreaView>
  </View>
</View>
`;
